// Vitest Snapshot v1, https://vitest.dev/guide/snapshot.html

exports[`GraphToolbar component > renders all layout options > layout options 1`] = `
[
  <li
    class="w-full"
  >
    <button
      class="hover:bg-black-400 px-2 rounded-md w-full h-full whitespace-nowrap bg-black-500"
    >
      Cola
    </button>
  </li>,
  <li
    class="w-full"
  >
    <button
      class="hover:bg-black-400 px-2 rounded-md w-full h-full whitespace-nowrap"
    >
      Grid
    </button>
  </li>,
  <li
    class="w-full"
  >
    <button
      class="hover:bg-black-400 px-2 rounded-md w-full h-full whitespace-nowrap"
    >
      Random
    </button>
  </li>,
  <li
    class="w-full"
  >
    <button
      class="hover:bg-black-400 px-2 rounded-md w-full h-full whitespace-nowrap"
    >
      Breadth First
    </button>
  </li>,
  <li
    class="w-full"
  >
    <button
      class="hover:bg-black-400 px-2 rounded-md w-full h-full whitespace-nowrap"
    >
      AVSDF
    </button>
  </li>,
  <li
    class="w-full"
  >
    <button
      class="hover:bg-black-400 px-2 rounded-md w-full h-full whitespace-nowrap"
    >
      Dagre
    </button>
  </li>,
]
`;
